Java HotSpot(TM) 64-Bit Server VM (25.112-b15) for windows-amd64 JRE (1.8.0_112-b15), built on Sep 22 2016 21:31:56 by "java_re" with MS VC++ 10.0 (VS2010)
Memory: 4k page, physical 8292272k(3383360k free), swap 16582644k(11422056k free)
CommandLine flags: -XX:-BytecodeVerificationLocal -XX:-BytecodeVerificationRemote -XX:-CMSClassUnloadingEnabled -XX:CMSInitiatingOccupancyFraction=85 -XX:-ClassUnloading -XX:+DisableExplicitGC -XX:-ExplicitGCInvokesConcurrentAndUnloadsClasses -XX:InitialHeapSize=268435456 -XX:MaxHeapSize=1073741824 -XX:MaxNewSize=348966912 -XX:MaxTenuringThreshold=6 -XX:OldPLABSize=16 -XX:+PrintGC -XX:+PrintGCDateStamps -XX:+PrintGCDetails -XX:+PrintGCTimeStamps -XX:+UseCompressedClassPointers -XX:+UseCompressedOops -XX:+UseConcMarkSweepGC -XX:-UseGCOverheadLimit -XX:-UseLargePagesIndividualAllocation -XX:+UseParNewGC -XX:+UseStringDeduplication 
2019-05-28T14:30:00.360+0800: 2.537: [GC (Allocation Failure) 2019-05-28T14:30:00.361+0800: 2.538: [ParNew: 69952K->8704K(78656K), 0.1403147 secs] 69952K->16954K(253440K), 0.1411656 secs] [Times: user=0.33 sys=0.00, real=0.14 secs] 
2019-05-28T14:30:03.233+0800: 5.410: [Full GC (Metadata GC Threshold) 2019-05-28T14:30:03.233+0800: 5.410: [CMS: 8250K->23873K(174784K), 0.1700451 secs] 48654K->23873K(253440K), [Metaspace: 19172K->19172K(1069056K)], 0.1702597 secs] [Times: user=0.33 sys=0.02, real=0.17 secs] 
2019-05-28T14:30:06.169+0800: 8.346: [GC (Allocation Failure) 2019-05-28T14:30:06.169+0800: 8.346: [ParNew: 70016K->8704K(78720K), 0.0283742 secs] 93889K->41658K(253504K), 0.0285333 secs] [Times: user=0.11 sys=0.00, real=0.03 secs] 
2019-05-28T14:30:06.847+0800: 9.025: [Full GC (Metadata GC Threshold) 2019-05-28T14:30:06.847+0800: 9.025: [CMS: 32954K->39966K(174784K), 0.1821118 secs] 65002K->39966K(253504K), [Metaspace: 32185K->32185K(1081344K)], 0.1823106 secs] [Times: user=0.23 sys=0.00, real=0.18 secs] 
2019-05-28T14:30:12.753+0800: 14.931: [GC (Allocation Failure) 2019-05-28T14:30:12.754+0800: 14.931: [ParNew: 70080K->8704K(78784K), 0.0313852 secs] 110046K->59774K(253568K), 0.0318386 secs] [Times: user=0.08 sys=0.00, real=0.03 secs] 
2019-05-28T14:30:15.966+0800: 18.144: [Full GC (Metadata GC Threshold) 2019-05-28T14:30:15.966+0800: 18.144: [CMS: 51070K->52056K(174784K), 0.3259512 secs] 108405K->52056K(253568K), [Metaspace: 52589K->52589K(1099776K)], 0.3261499 secs] [Times: user=0.66 sys=0.02, real=0.33 secs] 
2019-05-28T14:30:18.990+0800: 21.168: [GC (Allocation Failure) 2019-05-28T14:30:18.990+0800: 21.168: [ParNew: 70080K->8704K(78784K), 0.0396791 secs] 122136K->69675K(253568K), 0.0400747 secs] [Times: user=0.06 sys=0.03, real=0.04 secs] 
2019-05-28T14:30:21.945+0800: 24.123: [GC (Allocation Failure) 2019-05-28T14:30:21.945+0800: 24.123: [ParNew: 78784K->8704K(78784K), 0.0269919 secs] 139755K->79060K(253568K), 0.0271337 secs] [Times: user=0.05 sys=0.00, real=0.03 secs] 
2019-05-28T14:30:25.486+0800: 27.664: [GC (Allocation Failure) 2019-05-28T14:30:25.486+0800: 27.664: [ParNew: 78784K->8704K(78784K), 0.0323999 secs] 149140K->90301K(253568K), 0.0325375 secs] [Times: user=0.08 sys=0.00, real=0.03 secs] 
2019-05-28T14:30:29.056+0800: 31.234: [GC (Allocation Failure) 2019-05-28T14:30:29.056+0800: 31.234: [ParNew: 78784K->8704K(78784K), 0.0449313 secs] 160381K->102590K(253568K), 0.0450554 secs] [Times: user=0.06 sys=0.00, real=0.05 secs] 
2019-05-28T14:30:29.117+0800: 31.295: [GC (CMS Initial Mark) [1 CMS-initial-mark: 93886K(174784K)] 103603K(253568K), 0.0276893 secs] [Times: user=0.08 sys=0.00, real=0.03 secs] 
2019-05-28T14:30:29.144+0800: 31.323: [CMS-concurrent-mark-start]
2019-05-28T14:30:29.324+0800: 31.503: [CMS-concurrent-mark: 0.180/0.180 secs] [Times: user=0.53 sys=0.03, real=0.18 secs] 
2019-05-28T14:30:29.325+0800: 31.503: [CMS-concurrent-preclean-start]
2019-05-28T14:30:29.329+0800: 31.508: [CMS-concurrent-preclean: 0.004/0.004 secs] [Times: user=0.00 sys=0.00, real=0.00 secs] 
2019-05-28T14:30:29.330+0800: 31.509: [GC (CMS Final Remark) [YG occupancy: 10315 K (78784 K)]2019-05-28T14:30:29.330+0800: 31.509: [Rescan (parallel) , 0.0271444 secs]2019-05-28T14:30:29.357+0800: 31.536: [weak refs processing, 0.0003662 secs][1 CMS-remark: 93886K(174784K)] 104201K(253568K), 0.0276805 secs] [Times: user=0.11 sys=0.00, real=0.03 secs] 
2019-05-28T14:30:29.358+0800: 31.536: [CMS-concurrent-sweep-start]
2019-05-28T14:30:29.410+0800: 31.588: [CMS-concurrent-sweep: 0.051/0.052 secs] [Times: user=0.13 sys=0.00, real=0.05 secs] 
2019-05-28T14:30:29.410+0800: 31.588: [CMS-concurrent-reset-start]
2019-05-28T14:30:29.411+0800: 31.590: [CMS-concurrent-reset: 0.001/0.001 secs] [Times: user=0.00 sys=0.00, real=0.00 secs] 
2019-05-28T14:30:30.584+0800: 32.763: [GC (Allocation Failure) 2019-05-28T14:30:30.584+0800: 32.763: [ParNew: 78784K->8703K(78784K), 0.0412420 secs] 146946K->84779K(253568K), 0.0414421 secs] [Times: user=0.13 sys=0.00, real=0.04 secs] 
2019-05-28T14:30:32.133+0800: 34.312: [GC (Allocation Failure) 2019-05-28T14:30:32.133+0800: 34.312: [ParNew: 78783K->8704K(78784K), 0.0244675 secs] 154859K->91050K(253568K), 0.0246303 secs] [Times: user=0.06 sys=0.00, real=0.03 secs] 
2019-05-28T14:30:33.580+0800: 35.758: [GC (Allocation Failure) 2019-05-28T14:30:33.580+0800: 35.758: [ParNew: 78784K->8703K(78784K), 0.0214514 secs] 161130K->95176K(253568K), 0.0215904 secs] [Times: user=0.06 sys=0.00, real=0.02 secs] 
2019-05-28T14:30:36.591+0800: 38.769: [GC (Allocation Failure) 2019-05-28T14:30:36.591+0800: 38.769: [ParNew: 78783K->6255K(78784K), 0.0180602 secs] 165256K->93975K(253568K), 0.0182076 secs] [Times: user=0.01 sys=0.00, real=0.02 secs] 
2019-05-28T14:30:40.471+0800: 42.650: [GC (Allocation Failure) 2019-05-28T14:30:40.471+0800: 42.650: [ParNew: 76335K->6420K(78784K), 0.0197761 secs] 164055K->96179K(253568K), 0.0199343 secs] [Times: user=0.09 sys=0.00, real=0.02 secs] 
2019-05-28T14:30:42.713+0800: 44.892: [GC (Allocation Failure) 2019-05-28T14:30:42.713+0800: 44.892: [ParNew: 76500K->8704K(78784K), 0.0188300 secs] 166259K->102056K(253568K), 0.0190465 secs] [Times: user=0.06 sys=0.00, real=0.02 secs] 
2019-05-28T14:30:49.270+0800: 51.450: [GC (Allocation Failure) 2019-05-28T14:30:49.271+0800: 51.450: [ParNew: 78784K->8704K(78784K), 0.0320910 secs] 172136K->112053K(253568K), 0.0326891 secs] [Times: user=0.11 sys=0.00, real=0.03 secs] 
2019-05-28T14:30:52.463+0800: 54.642: [GC (Allocation Failure) 2019-05-28T14:30:52.463+0800: 54.642: [ParNew: 78784K->8704K(78784K), 0.0286788 secs] 182133K->118886K(253568K), 0.0288790 secs] [Times: user=0.11 sys=0.00, real=0.03 secs] 
2019-05-28T14:30:55.898+0800: 58.077: [GC (Allocation Failure) 2019-05-28T14:30:55.898+0800: 58.077: [ParNew: 78784K->8704K(78784K), 0.0224446 secs] 188966K->125971K(253568K), 0.0225818 secs] [Times: user=0.09 sys=0.00, real=0.02 secs] 
2019-05-28T14:35:58.688+0800: 360.882: [GC (Allocation Failure) 2019-05-28T14:35:58.689+0800: 360.883: [ParNew: 78784K->8704K(78784K), 0.0277607 secs] 196051K->128007K(253568K), 0.0287479 secs] [Times: user=0.09 sys=0.00, real=0.03 secs] 
2019-05-28T14:36:06.528+0800: 368.722: [GC (Allocation Failure) 2019-05-28T14:36:06.529+0800: 368.723: [ParNew: 78784K->8704K(78784K), 0.0616171 secs] 198087K->139026K(253568K), 0.0626491 secs] [Times: user=0.17 sys=0.01, real=0.06 secs] 
2019-05-28T14:36:25.629+0800: 387.824: [GC (Allocation Failure) 2019-05-28T14:36:25.631+0800: 387.826: [ParNew: 78784K->6900K(78784K), 0.0867312 secs] 209106K->140987K(253568K), 0.0887942 secs] [Times: user=0.11 sys=0.00, real=0.09 secs] 
2019-05-28T14:36:36.518+0800: 398.714: [GC (Allocation Failure) 2019-05-28T14:36:36.519+0800: 398.715: [ParNew: 76980K->4749K(78784K), 0.0210717 secs] 211067K->140840K(253568K), 0.0217682 secs] [Times: user=0.06 sys=0.00, real=0.02 secs] 
2019-05-28T14:36:43.852+0800: 406.048: [GC (Allocation Failure) 2019-05-28T14:36:43.853+0800: 406.049: [ParNew: 74829K->8704K(78784K), 0.0529089 secs] 210920K->150923K(253568K), 0.0539227 secs] [Times: user=0.17 sys=0.00, real=0.05 secs] 
2019-05-28T14:36:50.251+0800: 412.447: [GC (Allocation Failure) 2019-05-28T14:36:50.251+0800: 412.448: [ParNew: 78784K->8704K(78784K), 0.0373460 secs] 221003K->160743K(253568K), 0.0377803 secs] [Times: user=0.14 sys=0.00, real=0.04 secs] 
2019-05-28T14:36:50.289+0800: 412.485: [GC (CMS Initial Mark) [1 CMS-initial-mark: 152039K(174784K)] 161017K(253568K), 0.0303943 secs] [Times: user=0.06 sys=0.00, real=0.03 secs] 
2019-05-28T14:36:50.319+0800: 412.516: [CMS-concurrent-mark-start]
2019-05-28T14:36:50.615+0800: 412.812: [CMS-concurrent-mark: 0.296/0.296 secs] [Times: user=1.08 sys=0.05, real=0.30 secs] 
2019-05-28T14:36:50.615+0800: 412.812: [CMS-concurrent-preclean-start]
2019-05-28T14:36:50.633+0800: 412.830: [CMS-concurrent-preclean: 0.018/0.018 secs] [Times: user=0.05 sys=0.01, real=0.02 secs] 
2019-05-28T14:36:50.633+0800: 412.830: [CMS-concurrent-abortable-preclean-start]
2019-05-28T14:36:54.889+0800: 417.086: [GC (Allocation Failure) 2019-05-28T14:36:54.889+0800: 417.086: [ParNew: 78784K->8704K(78784K), 0.0420211 secs] 230823K->170176K(253568K), 0.0421680 secs] [Times: user=0.12 sys=0.00, real=0.04 secs] 
 CMS: abort preclean due to time 2019-05-28T14:36:55.674+0800: 417.871: [CMS-concurrent-abortable-preclean: 3.965/5.041 secs] [Times: user=14.91 sys=0.70, real=5.04 secs] 
2019-05-28T14:36:55.675+0800: 417.872: [GC (CMS Final Remark) [YG occupancy: 21244 K (78784 K)]2019-05-28T14:36:55.675+0800: 417.872: [Rescan (parallel) , 0.0610913 secs]2019-05-28T14:36:55.736+0800: 417.933: [weak refs processing, 0.0007572 secs][1 CMS-remark: 161472K(174784K)] 182717K(253568K), 0.0620734 secs] [Times: user=0.20 sys=0.00, real=0.06 secs] 
2019-05-28T14:36:55.737+0800: 417.934: [CMS-concurrent-sweep-start]
2019-05-28T14:36:55.864+0800: 418.061: [CMS-concurrent-sweep: 0.126/0.127 secs] [Times: user=0.44 sys=0.03, real=0.13 secs] 
2019-05-28T14:36:55.870+0800: 418.067: [CMS-concurrent-reset-start]
2019-05-28T14:36:55.872+0800: 418.069: [CMS-concurrent-reset: 0.001/0.001 secs] [Times: user=0.00 sys=0.00, real=0.00 secs] 
2019-05-28T14:37:01.946+0800: 424.143: [GC (Allocation Failure) 2019-05-28T14:37:01.947+0800: 424.144: [ParNew: 78784K->8704K(78784K), 0.0433782 secs] 198351K->135303K(278064K), 0.0441708 secs] [Times: user=0.19 sys=0.00, real=0.04 secs] 
2019-05-28T14:37:08.839+0800: 431.037: [GC (Allocation Failure) 2019-05-28T14:37:08.842+0800: 431.039: [ParNew: 78784K->8704K(78784K), 0.0639474 secs] 205383K->142661K(278064K), 0.0665520 secs] [Times: user=0.20 sys=0.00, real=0.07 secs] 
2019-05-28T14:37:24.975+0800: 447.174: [GC (Allocation Failure) 2019-05-28T14:37:24.977+0800: 447.175: [ParNew: 78784K->8704K(78784K), 0.0610517 secs] 212741K->147547K(278064K), 0.0623808 secs] [Times: user=0.11 sys=0.00, real=0.06 secs] 
2019-05-28T14:37:46.585+0800: 468.784: [GC (Allocation Failure) 2019-05-28T14:37:46.586+0800: 468.785: [ParNew: 78784K->6657K(78784K), 0.0288706 secs] 217627K->149470K(278064K), 0.0297738 secs] [Times: user=0.09 sys=0.00, real=0.03 secs] 
2019-05-28T14:38:17.298+0800: 499.499: [GC (Allocation Failure) 2019-05-28T14:38:17.300+0800: 499.501: [ParNew: 76737K->8457K(78784K), 0.0435289 secs] 219550K->151270K(278064K), 0.0452662 secs] [Times: user=0.09 sys=0.02, real=0.05 secs] 
2019-05-28T14:38:30.483+0800: 512.685: [GC (Allocation Failure) 2019-05-28T14:38:30.484+0800: 512.686: [ParNew: 78295K->7061K(78784K), 0.0299623 secs] 221108K->154543K(278064K), 0.0309098 secs] [Times: user=0.11 sys=0.00, real=0.03 secs] 
2019-05-28T14:38:35.566+0800: 517.767: [GC (Allocation Failure) 2019-05-28T14:38:35.567+0800: 517.768: [ParNew: 77133K->8704K(78784K), 0.0531291 secs] 224615K->161485K(278064K), 0.0543453 secs] [Times: user=0.19 sys=0.00, real=0.05 secs] 
2019-05-28T14:38:44.317+0800: 526.519: [GC (Allocation Failure) 2019-05-28T14:38:44.318+0800: 526.520: [ParNew: 78784K->8704K(78784K), 0.0825572 secs] 231565K->176941K(278064K), 0.0832990 secs] [Times: user=0.23 sys=0.00, real=0.08 secs] 
2019-05-28T14:38:44.401+0800: 526.603: [GC (CMS Initial Mark) [1 CMS-initial-mark: 168237K(199280K)] 177461K(278064K), 0.0651734 secs] [Times: user=0.11 sys=0.00, real=0.07 secs] 
2019-05-28T14:38:44.466+0800: 526.668: [CMS-concurrent-mark-start]
2019-05-28T14:38:44.994+0800: 527.197: [CMS-concurrent-mark: 0.527/0.528 secs] [Times: user=1.00 sys=0.13, real=0.53 secs] 
2019-05-28T14:38:44.995+0800: 527.197: [CMS-concurrent-preclean-start]
2019-05-28T14:38:45.003+0800: 527.205: [CMS-concurrent-preclean: 0.009/0.009 secs] [Times: user=0.05 sys=0.01, real=0.01 secs] 
2019-05-28T14:38:45.004+0800: 527.206: [CMS-concurrent-abortable-preclean-start]
 CMS: abort preclean due to time 2019-05-28T14:38:50.006+0800: 532.208: [CMS-concurrent-abortable-preclean: 4.302/5.003 secs] [Times: user=9.81 sys=0.62, real=5.00 secs] 
2019-05-28T14:38:50.010+0800: 532.212: [GC (CMS Final Remark) [YG occupancy: 40004 K (78784 K)]2019-05-28T14:38:50.010+0800: 532.212: [Rescan (parallel) , 0.0641489 secs]2019-05-28T14:38:50.074+0800: 532.276: [weak refs processing, 0.0007516 secs][1 CMS-remark: 168237K(199280K)] 208241K(278064K), 0.0652989 secs] [Times: user=0.16 sys=0.00, real=0.07 secs] 
2019-05-28T14:38:50.077+0800: 532.280: [CMS-concurrent-sweep-start]
2019-05-28T14:38:50.254+0800: 532.456: [CMS-concurrent-sweep: 0.176/0.176 secs] [Times: user=0.37 sys=0.02, real=0.18 secs] 
2019-05-28T14:38:50.254+0800: 532.456: [CMS-concurrent-reset-start]
2019-05-28T14:38:50.255+0800: 532.457: [CMS-concurrent-reset: 0.001/0.001 secs] [Times: user=0.00 sys=0.00, real=0.00 secs] 
2019-05-28T14:38:57.927+0800: 540.129: [GC (Allocation Failure) 2019-05-28T14:38:57.928+0800: 540.130: [ParNew: 78784K->8704K(78784K), 0.0592803 secs] 199551K->139028K(280064K), 0.0602096 secs] [Times: user=0.20 sys=0.00, real=0.06 secs] 
2019-05-28T14:39:10.026+0800: 552.225: [GC (Allocation Failure) 2019-05-28T14:39:10.026+0800: 552.226: [ParNew: 78784K->8704K(78784K), 0.0529397 secs] 209108K->151426K(280064K), 0.0533838 secs] [Times: user=0.17 sys=0.00, real=0.05 secs] 
2019-05-28T14:45:09.177+0800: 911.330: [GC (Allocation Failure) 2019-05-28T14:45:09.178+0800: 911.330: [ParNew: 78784K->8704K(78784K), 0.0452117 secs] 221506K->160060K(280064K), 0.0459156 secs] [Times: user=0.09 sys=0.00, real=0.05 secs] 
